[18:00:21] aasist-l-phase1-B2-seed1337 | device=mps lr=1e-05 bs=8 epochs=3 freq_aug=False
[18:00:22] train {'bonafide': 2580, 'spoof': 2580, 'total': 5160}   dev {'bonafide': 1000, 'spoof': 1000, 'total': 2000}
[18:00:22] scheme B2: 66234/85306 trainable (77.64%), 3 BatchNorm modules forced to eval()
[18:01:37] epoch 0 (pretrained, before any update): val EER 0.0060 AUC 0.9993 FAR 0.0060 FRR 0.0060
[18:02:13]   e1 b50/645 loss 0.7433
[18:02:41]   e1 b100/645 loss 0.5267
[18:03:09]   e1 b150/645 loss 0.4722
[18:03:38]   e1 b200/645 loss 0.4978
[18:04:07]   e1 b250/645 loss 0.4711
[18:04:35]   e1 b300/645 loss 0.4480
[18:05:04]   e1 b350/645 loss 0.4118
[18:05:33]   e1 b400/645 loss 0.3876
[18:06:02]   e1 b450/645 loss 0.3881
[18:06:31]   e1 b500/645 loss 0.3724
[18:06:59]   e1 b550/645 loss 0.3900
[18:07:28]   e1 b600/645 loss 0.3804
[18:09:03] epoch 1: train_loss 0.3652 | val EER 0.0070 AUC 0.9995 FAR 0.0070 FRR 0.0070 (446s)
[18:09:03]   -> new best (epoch 1) saved
[18:09:33]   e2 b50/645 loss 0.1413
[18:10:03]   e2 b100/645 loss 0.1362
[18:10:33]   e2 b150/645 loss 0.1184
[18:11:05]   e2 b200/645 loss 0.1306
[18:11:41]   e2 b250/645 loss 0.1579
[18:12:18]   e2 b300/645 loss 0.1443
[18:12:53]   e2 b350/645 loss 0.1603
[18:13:37]   e2 b400/645 loss 0.1558
[18:14:23]   e2 b450/645 loss 0.1446
[18:15:08]   e2 b500/645 loss 0.1377
[18:15:51]   e2 b550/645 loss 0.1600
[18:16:34]   e2 b600/645 loss 0.1505
[18:18:52] epoch 2: train_loss 0.1523 | val EER 0.0080 AUC 0.9991 FAR 0.0080 FRR 0.0080 (589s)
[18:19:34]   e3 b50/645 loss 0.0515
[18:20:15]   e3 b100/645 loss 0.0707
[18:20:57]   e3 b150/645 loss 0.0596
[18:21:42]   e3 b200/645 loss 0.0708
[18:22:29]   e3 b250/645 loss 0.0641
[18:23:17]   e3 b300/645 loss 0.0972
[18:24:00]   e3 b350/645 loss 0.0896
[18:24:43]   e3 b400/645 loss 0.1068
[18:25:26]   e3 b450/645 loss 0.1000
[18:26:12]   e3 b500/645 loss 0.0989
[18:26:57]   e3 b550/645 loss 0.0918
[18:27:38]   e3 b600/645 loss 0.1032
[18:29:52] epoch 3: train_loss 0.1011 | val EER 0.0070 AUC 0.9993 FAR 0.0070 FRR 0.0070 (661s)
[18:29:53] best epoch 1: EER 0.0070 AUC 0.9995
[18:29:53] checkpoint aasist-l-phase1-B2-seed1337.pth sha256 6829a5651a4395e314bae2fad4e3ef6ea6c324510548f71868b07ba7eef19cec
[18:29:53] record -> /Users/shriyansh/Desktop/voiceshield/experiments/phase1_aasist/scheme_B2/aasist-l-phase1-B2-seed1337.json  (29.5 min)
